Current_Date,1,0
Force_Update_Sent_Recv_Log,1,0
Open_Send_Receive_Log,1,0
Reread_Config_File,1,0
Update_Send_Recv,1,0
_OSSwapInt16,8,0
_OSSwapInt32,1,0
__builtin___memcpy_chk,27,0
__builtin___memmove_chk,4,0
__builtin___memset_chk,16,0
__builtin___sprintf_chk,7,0
__builtin___strcat_chk,5,0
__builtin___strcpy_chk,18,0
__builtin___strncpy_chk,7,0
__builtin___vsnprintf_chk,3,0
__builtin_bzero,3,0
__builtin_constant_p,9,0
__builtin_object_size,87,0
__builtin_va_end,3,0
__builtin_va_start,3,0
__darwin_fd_isset,1,0
__error,40,1
accept,2,1
add_to_hidegroups,2,0
admin_parsecmd,2,0
alarm,10,0
appendpath,2,0
atexit,1,0
atoi,6,0
bftpd_cwd_chdir,2,1
bftpd_cwd_end,1,0
bftpd_cwd_getcwd,2,1
bftpd_cwd_init,1,0
bftpd_cwd_mappath,16,3
bftpd_list_add,1,0
bftpd_list_count,1,0
bftpd_list_del,1,0
bftpd_list_get,1,0
bftpd_log,53,0
bftpd_login,1,1
bftpd_logwtmp,2,0
bftpd_setuid,2,2
bftpd_stat,2,0
bftpd_statuslog,4,0
bftpdutmp_create_dir,1,0
bftpdutmp_dup_ip_count,1,1
bftpdutmp_end,5,0
bftpdutmp_init,1,0
bftpdutmp_log,2,0
bftpdutmp_pidexists,1,1
bftpdutmp_remove_pid,1,0
bftpdutmp_usercount,6,2
bind,5,4
calloc,2,0
chdir,10,5
check_file_password,1,1
checkpass,2,1
checkpass_pwd,1,0
checkshell,1,0
checkuser,1,1
chmod,1,1
chown,1,1
chroot,4,4
close,32,0
closedir,2,0
closelog,1,0
command_noop,1,0
command_retr,2,0
command_stor,2,0
config_end,1,0
config_getoption,69,3
config_getoption_reread,11,0
config_init,2,0
config_read_line,5,0
connect,1,1
control_printf,150,0
create_options,4,0
crypt,2,0
ctime,3,0
cutto,8,0
dataconn,3,0
dirlist,2,0
dirlist_one_file,1,0
do_dirlist,2,0
do_stor,2,0
dup2,2,0
endusershell,1,0
execv,1,0
exit,31,0
expand_groups,1,0
fclose,20,0
fdopen,1,0
fflush,5,0
fgets,8,1
fileno,9,0
fnmatch,1,0
fopen,18,8
fork,4,1
fprintf,14,0
fread,8,0
free,54,0
fscanf,4,0
fseek,7,0
fwrite,3,0
get_buffer_size,4,0
getcwd,2,0
geteuid,1,0
getgrgid,1,0
getgrnam,2,0
gethostbyaddr,2,0
getopt,1,0
getoption,7,0
getoption_directories,3,0
getoption_global,1,0
getoption_group,1,0
getoption_user,1,0
getpeername,1,1
getpid,4,0
getpwnam,5,1
getpwuid,1,0
getsockname,3,0
getusershell,1,0
gmtime,1,0
hidegroups_init,2,0
inet_addr,2,1
inet_ntoa,5,0
init_everything,1,0
init_userinfo,2,0
initgroups,1,0
int_from_list,1,0
kill,1,1
listen,3,3
localtime,3,1
log_end,1,0
log_init,1,0
login_end,1,0
login_init,1,0
loginfailed,4,0
lseek,2,0
lstat,2,2
malloc,25,2
md5_finish,2,0
md5_get_result,1,0
md5_init,2,0
md5_process,2,0
md5_sig_to_string,1,0
mkdir,2,1
mygetpwnam,2,2
mygetpwuid,2,0
mystrncpy,3,0
new_umask,2,0
open,4,3
opendir,2,0
openlog,1,0
parsecmd,1,0
prepare_sock,3,0
print_file,2,0
printf,1,0
process_block,3,0
read,1,0
readdir,2,0
readlink,1,0
realloc,1,0
recv,1,0
rename,1,1
replace,18,0
rewind,9,0
rmdir,1,1
run_script,18,0
select,5,1
send,1,1
seteuid,3,0
setgid,1,0
setsid,1,0
setsockopt,7,0
setuid,1,0
signal,18,0
socket,4,4
sscanf,18,5
stat,4,2
strcasecmp,32,15
strchr,41,3
strcmp,20,2
strdup,27,2
strerror,37,0
strftime,1,0
strlen,50,1
strncasecmp,8,6
strncmp,1,0
strrchr,3,0
strstr,21,3
strtok,3,0
strtoul,16,6
syslog,1,0
test_abort,2,0
time,5,0
umask,1,0
unlink,1,1
user_is_in_group,1,0
wait4,1,0
waitpid,2,0
write,1,0
wtmp_end,1,0
wtmp_init,1,0
